[2026-07-23 11:38:00] local.ERROR: Database connection [Mongodb] not configured. {"exception":"[object] (InvalidArgumentException(code: 0): Database connection [Mongodb] not configured. at D:/Code-GB/Sunburst/Server/vendor/laravel/framework/src/Illuminate/Database/DatabaseManager.php:226)
[stacktrace]
#0 D:/Code-GB/Sunburst/Server/vendor/laravel/framework/src/Illuminate/Database/DatabaseManager.php(192): Illuminate/Database/DatabaseManager->configuration('Mongodb')
#1 D:/Code-GB/Sunburst/Server/vendor/laravel/framework/src/Illuminate/Database/DatabaseManager.php(103): Illuminate/Database/DatabaseManager->makeConnection('Mongodb')
#2 D:/Code-GB/Sunburst/Server/vendor/laravel/framework/src/Illuminate/Database/Migrations/Migrator.php(747): Illuminate/Database/DatabaseManager->connection('Mongodb')
#3 D:/Code-GB/Sunburst/Server/vendor/laravel/framework/src/Illuminate/Database/Migrations/Migrator.php(691): Illuminate/Database/Migrations/Migrator->directConnectionName('Mongodb')
#4 D:/Code-GB/Sunburst/Server/vendor/laravel/framework/src/Illuminate/Database/Migrations/Migrator.php(669): Illuminate/Database/Migrations/Migrator->setConnection(NULL)
#5 D:/Code-GB/Sunburst/Server/vendor/laravel/framework/src/Illuminate/Database/Console/Migrations/MigrateCommand.php(111): Illuminate/Database/Migrations/Migrator->usingConnection(NULL, Object(Closure))
#6 D:/Code-GB/Sunburst/Server/vendor/laravel/framework/src/Illuminate/Database/Console/Migrations/MigrateCommand.php(90): Illuminate/Database/Console/Migrations/MigrateCommand->runMigrations()
#7 D:/Code-GB/Sunburst/Server/vendor/laravel/framework/src/Illuminate/Container/BoundMethod.php(36): Illuminate/Database/Console/Migrations/MigrateCommand->handle()
#8 D:/Code-GB/Sunburst/Server/vendor/laravel/framework/src/Illuminate/Container/Util.php(43): Illuminate/Container/BoundMethod::{closure:Illuminate/Container/BoundMethod::call():35}()
#9 D:/Code-GB/Sunburst/Server/vendor/laravel/framework/src/Illuminate/Container/BoundMethod.php(96): Illuminate/Container/Util::unwrapIfClosure(Object(Closure))
#10 D:/Code-GB/Sunburst/Server/vendor/laravel/framework/src/Illuminate/Container/BoundMethod.php(35): Illuminate/Container/BoundMethod::callBoundMethod(Object(Illuminate/Foundation/Application), Array, Object(Closure))
#11 D:/Code-GB/Sunburst/Server/vendor/laravel/framework/src/Illuminate/Container/Container.php(799): Illuminate/Container/BoundMethod::call(Object(Illuminate/Foundation/Application), Array, Array, NULL)
#12 D:/Code-GB/Sunburst/Server/vendor/laravel/framework/src/Illuminate/Console/Command.php(280): Illuminate/Container/Container->call(Array)
#13 D:/Code-GB/Sunburst/Server/vendor/symfony/console/Command/Command.php(284): Illuminate/Console/Command->execute(Object(Symfony/Component/Console/Input/ArgvInput), Object(Illuminate/Console/OutputStyle))
#14 D:/Code-GB/Sunburst/Server/vendor/laravel/framework/src/Illuminate/Console/Command.php(249): Symfony/Component/Console/Command/Command->run(Object(Symfony/Component/Console/Input/ArgvInput), Object(Illuminate/Console/OutputStyle))
#15 D:/Code-GB/Sunburst/Server/vendor/symfony/console/Application.php(1144): Illuminate/Console/Command->run(Object(Symfony/Component/Console/Input/ArgvInput), Object(Symfony/Component/Console/Output/ConsoleOutput))
#16 D:/Code-GB/Sunburst/Server/vendor/symfony/console/Application.php(379): Symfony/Component/Console/Application->doRunCommand(Object(Illuminate/Database/Console/Migrations/MigrateCommand), Object(Symfony/Component/Console/Input/ArgvInput), Object(Symfony/Component/Console/Output/ConsoleOutput))
#17 D:/Code-GB/Sunburst/Server/vendor/symfony/console/Application.php(218): Symfony/Component/Console/Application->doRun(Object(Symfony/Component/Console/Input/ArgvInput), Object(Symfony/Component/Console/Output/ConsoleOutput))
#18 D:/Code-GB/Sunburst/Server/vendor/laravel/framework/src/Illuminate/Foundation/Console/Kernel.php(198): Symfony/Component/Console/Application->run(Object(Symfony/Component/Console/Input/ArgvInput), Object(Symfony/Component/Console/Output/ConsoleOutput))
#19 D:/Code-GB/Sunburst/Server/vendor/laravel/framework/src/Illuminate/Foundation/Application.php(1235): Illuminate/Foundation/Console/Kernel->handle(Object(Symfony/Component/Console/Input/ArgvInput), Object(Symfony/Component/Console/Output/ConsoleOutput))
#20 D:/Code-GB/Sunburst/Server/artisan(13): Illuminate/Foundation/Application->handleCommand(Object(Symfony/Component/Console/Input/ArgvInput))
#21 {main}
"} 
[2026-07-23 11:41:13] local.ERROR: Class "MongoDB\Driver\Manager" not found {"exception":"[object] (Error(code: 0): Class \"MongoDB\\Driver\\Manager\" not found at D:/Code-GB/Sunburst/Server/vendor/mongodb/mongodb/src/Client.php:103)
[stacktrace]
#0 D:/Code-GB/Sunburst/Server/vendor/mongodb/laravel-mongodb/src/Connection.php(265): MongoDB/Client->__construct('mongodb://127.0...', Array, Array)
#1 D:/Code-GB/Sunburst/Server/vendor/mongodb/laravel-mongodb/src/Connection.php(75): MongoDB/Laravel/Connection->createConnection('mongodb://127.0...', Array, Array)
#2 D:/Code-GB/Sunburst/Server/vendor/mongodb/laravel-mongodb/src/MongoDBServiceProvider.php(59): MongoDB/Laravel/Connection->__construct(Array)
#3 [internal function]: MongoDB/Laravel/MongoDBServiceProvider->{closure:{closure:MongoDB/Laravel/MongoDBServiceProvider::register():55}:56}(Array, 'mongodb')
#4 D:/Code-GB/Sunburst/Server/vendor/laravel/framework/src/Illuminate/Database/DatabaseManager.php(198): call_user_func(Object(Closure), Array, 'mongodb')
#5 D:/Code-GB/Sunburst/Server/vendor/laravel/framework/src/Illuminate/Database/DatabaseManager.php(103): Illuminate/Database/DatabaseManager->makeConnection('mongodb')
#6 D:/Code-GB/Sunburst/Server/vendor/laravel/framework/src/Illuminate/Database/Migrations/Migrator.php(747): Illuminate/Database/DatabaseManager->connection('mongodb')
#7 D:/Code-GB/Sunburst/Server/vendor/laravel/framework/src/Illuminate/Database/Migrations/Migrator.php(691): Illuminate/Database/Migrations/Migrator->directConnectionName('mongodb')
#8 D:/Code-GB/Sunburst/Server/vendor/laravel/framework/src/Illuminate/Database/Migrations/Migrator.php(669): Illuminate/Database/Migrations/Migrator->setConnection(NULL)
#9 D:/Code-GB/Sunburst/Server/vendor/laravel/framework/src/Illuminate/Database/Console/Migrations/MigrateCommand.php(111): Illuminate/Database/Migrations/Migrator->usingConnection(NULL, Object(Closure))
#10 D:/Code-GB/Sunburst/Server/vendor/laravel/framework/src/Illuminate/Database/Console/Migrations/MigrateCommand.php(90): Illuminate/Database/Console/Migrations/MigrateCommand->runMigrations()
#11 D:/Code-GB/Sunburst/Server/vendor/laravel/framework/src/Illuminate/Container/BoundMethod.php(36): Illuminate/Database/Console/Migrations/MigrateCommand->handle()
#12 D:/Code-GB/Sunburst/Server/vendor/laravel/framework/src/Illuminate/Container/Util.php(43): Illuminate/Container/BoundMethod::{closure:Illuminate/Container/BoundMethod::call():35}()
#13 D:/Code-GB/Sunburst/Server/vendor/laravel/framework/src/Illuminate/Container/BoundMethod.php(96): Illuminate/Container/Util::unwrapIfClosure(Object(Closure))
#14 D:/Code-GB/Sunburst/Server/vendor/laravel/framework/src/Illuminate/Container/BoundMethod.php(35): Illuminate/Container/BoundMethod::callBoundMethod(Object(Illuminate/Foundation/Application), Array, Object(Closure))
#15 D:/Code-GB/Sunburst/Server/vendor/laravel/framework/src/Illuminate/Container/Container.php(799): Illuminate/Container/BoundMethod::call(Object(Illuminate/Foundation/Application), Array, Array, NULL)
#16 D:/Code-GB/Sunburst/Server/vendor/laravel/framework/src/Illuminate/Console/Command.php(280): Illuminate/Container/Container->call(Array)
#17 D:/Code-GB/Sunburst/Server/vendor/symfony/console/Command/Command.php(284): Illuminate/Console/Command->execute(Object(Symfony/Component/Console/Input/ArgvInput), Object(Illuminate/Console/OutputStyle))
#18 D:/Code-GB/Sunburst/Server/vendor/laravel/framework/src/Illuminate/Console/Command.php(249): Symfony/Component/Console/Command/Command->run(Object(Symfony/Component/Console/Input/ArgvInput), Object(Illuminate/Console/OutputStyle))
#19 D:/Code-GB/Sunburst/Server/vendor/symfony/console/Application.php(1144): Illuminate/Console/Command->run(Object(Symfony/Component/Console/Input/ArgvInput), Object(Symfony/Component/Console/Output/ConsoleOutput))
#20 D:/Code-GB/Sunburst/Server/vendor/symfony/console/Application.php(379): Symfony/Component/Console/Application->doRunCommand(Object(Illuminate/Database/Console/Migrations/MigrateCommand), Object(Symfony/Component/Console/Input/ArgvInput), Object(Symfony/Component/Console/Output/ConsoleOutput))
#21 D:/Code-GB/Sunburst/Server/vendor/symfony/console/Application.php(218): Symfony/Component/Console/Application->doRun(Object(Symfony/Component/Console/Input/ArgvInput), Object(Symfony/Component/Console/Output/ConsoleOutput))
#22 D:/Code-GB/Sunburst/Server/vendor/laravel/framework/src/Illuminate/Foundation/Console/Kernel.php(198): Symfony/Component/Console/Application->run(Object(Symfony/Component/Console/Input/ArgvInput), Object(Symfony/Component/Console/Output/ConsoleOutput))
#23 D:/Code-GB/Sunburst/Server/vendor/laravel/framework/src/Illuminate/Foundation/Application.php(1235): Illuminate/Foundation/Console/Kernel->handle(Object(Symfony/Component/Console/Input/ArgvInput), Object(Symfony/Component/Console/Output/ConsoleOutput))
#24 D:/Code-GB/Sunburst/Server/artisan(13): Illuminate/Foundation/Application->handleCommand(Object(Symfony/Component/Console/Input/ArgvInput))
#25 {main}
"} 
